
((TREE NIL NIL (408 360) (24 24 24 24) *TREE* (TERRAIN) NIL 0)
 (TREE NIL NIL (456 360) (24 24 24 24) *TREE* (TERRAIN) NIL 0)
 (TREE NIL NIL (504 360) (24 24 24 24) *TREE* (TERRAIN) NIL 0)
 (TREE NIL NIL (504 312) (24 24 24 24) *TREE* (TERRAIN) NIL 0)
 (TREE NIL NIL (456 312) (24 24 24 24) *TREE* (TERRAIN) NIL 0)
 (TREE NIL NIL (408 312) (24 24 24 24) *TREE* (TERRAIN) NIL 0)
 (TREE NIL NIL (408 264) (24 24 24 24) *TREE* (TERRAIN) NIL 0)
 (TREE NIL NIL (456 264) (24 24 24 24) *TREE* (TERRAIN) NIL 0)
 (TREE NIL NIL (504 264) (24 24 24 24) *TREE* (TERRAIN) NIL 0)
 (TREE NIL NIL (552 360) (24 24 24 24) *TREE* (TERRAIN) NIL 0)
 (TREE NIL NIL (552 312) (24 24 24 24) *TREE* (TERRAIN) NIL 0)
 (TREE NIL NIL (552 264) (24 24 24 24) *TREE* (TERRAIN) NIL 0)
 (TREE NIL NIL (600 264) (24 24 24 24) *TREE* (TERRAIN) NIL 0)
 (TREE NIL NIL (600 312) (24 24 24 24) *TREE* (TERRAIN) NIL 0)
 (TREE NIL NIL (600 360) (24 24 24 24) *TREE* (TERRAIN) NIL 0)
 (TREE NIL NIL (648 360) (24 24 24 24) *TREE* (TERRAIN) NIL 0)
 (TREE NIL NIL (696 360) (24 24 24 24) *TREE* (TERRAIN) NIL 0)
 (TREE NIL NIL (744 360) (24 24 24 24) *TREE* (TERRAIN) NIL 0)
 (TREE NIL NIL (744 312) (24 24 24 24) *TREE* (TERRAIN) NIL 0)
 (TREE NIL NIL (696 312) (24 24 24 24) *TREE* (TERRAIN) NIL 0)
 (TREE NIL NIL (648 312) (24 24 24 24) *TREE* (TERRAIN) NIL 0)
 (TREE NIL NIL (360 312) (24 24 24 24) *TREE* (TERRAIN) NIL 0)
 (TREE NIL NIL (312 312) (24 24 24 24) *TREE* (TERRAIN) NIL 0)
 (TREE NIL NIL (264 312) (24 24 24 24) *TREE* (TERRAIN) NIL 0)
 (TREE NIL NIL (216 312) (24 24 24 24) *TREE* (TERRAIN) NIL 0)
 (TREE NIL NIL (168 312) (24 24 24 24) *TREE* (TERRAIN) NIL 0)
 (TREE NIL NIL (120 312) (24 24 24 24) *TREE* (TERRAIN) NIL 0)
 (TREE NIL NIL (72 312) (24 24 24 24) *TREE* (TERRAIN) NIL 0)
 (TREE NIL NIL (24 312) (24 24 24 24) *TREE* (TERRAIN) NIL 0)
 (TREE NIL NIL (120 264) (24 24 24 24) *TREE* (TERRAIN) NIL 0)
 (TREE NIL NIL (168 264) (24 24 24 24) *TREE* (TERRAIN) NIL 0)
 (TREE NIL NIL (216 264) (24 24 24 24) *TREE* (TERRAIN) NIL 0)
 (TREE NIL NIL (264 264) (24 24 24 24) *TREE* (TERRAIN) NIL 0)
 (TREE NIL NIL (312 264) (24 24 24 24) *TREE* (TERRAIN) NIL 0)
 (TREE NIL NIL (360 264) (24 24 24 24) *TREE* (TERRAIN) NIL 0)
 (TREE NIL NIL (264 216) (24 24 24 24) *TREE* (TERRAIN) NIL 0)
 (TREE NIL NIL (216 216) (24 24 24 24) *TREE* (TERRAIN) NIL 0)
 (TREE NIL NIL (312 216) (24 24 24 24) *TREE* (TERRAIN) NIL 0)
 (TREE NIL NIL (360 360) (24 24 24 24) *TREE* (TERRAIN) NIL 0)
 (TREE NIL NIL (312 360) (24 24 24 24) *TREE* (TERRAIN) NIL 0)
 (TREE NIL NIL (264 360) (24 24 24 24) *TREE* (TERRAIN) NIL 0)
 (TREE NIL NIL (216 360) (24 24 24 24) *TREE* (TERRAIN) NIL 0)
 (TREE NIL NIL (456 456) (24 24 24 24) *TREE* (TERRAIN) NIL 0)
 (TREE NIL NIL (456 504) (24 24 24 24) *TREE* (TERRAIN) NIL 0)
 (TREE NIL NIL (408 456) (24 24 24 24) *TREE* (TERRAIN) NIL 0)
 (TREE NIL NIL (792 360) (24 24 24 24) *TREE* (TERRAIN) NIL 0)
 (TREE NIL NIL (840 360) (24 24 24 24) *TREE* (TERRAIN) NIL 0)
 (TREE NIL NIL (792 312) (24 24 24 24) *TREE* (TERRAIN) NIL 0)
 (TREE NIL NIL (648 264) (24 24 24 24) *TREE* (TERRAIN) NIL 0)
 (TREE NIL NIL (696 24) (24 24 24 24) *TREE* (TERRAIN) NIL 0)
 (TREE NIL NIL (696 72) (24 24 24 24) *TREE* (TERRAIN) NIL 0)
 (TREE NIL NIL (696 120) (24 24 24 24) *TREE* (TERRAIN) NIL 0)
 (TREE NIL NIL (696 168) (24 24 24 24) *TREE* (TERRAIN) NIL 0)
 (TREE NIL NIL (696 216) (24 24 24 24) *TREE* (TERRAIN) NIL 0)
 (TREE NIL NIL (648 216) (24 24 24 24) *TREE* (TERRAIN) NIL 0)
 (TREE NIL NIL (600 216) (24 24 24 24) *TREE* (TERRAIN) NIL 0)
 (TREE NIL NIL (648 168) (24 24 24 24) *TREE* (TERRAIN) NIL 0)
 (DRAWER NIL NIL (723 460) (12 12 18 18) *DRAWER* (CONTAINER)
  (OPENINVENTORY (CLOSEST (SEARCHINTERACTIVE))) 0)
 (DRAWER NIL NIL (772 447) (12 12 18 18) *DRAWER* (CONTAINER)
  (OPENINVENTORY (CLOSEST (SEARCHINTERACTIVE))) 0)
 (TREE NIL NIL (312 456) (24 24 24 24) *TREE* (TERRAIN) NIL 0)
 (TREE NIL NIL (264 504) (24 24 24 24) *TREE* (TERRAIN) NIL 0)
 (TREE NIL NIL (168 456) (24 24 24 24) *TREE* (TERRAIN) NIL 0)
 (TREE NIL NIL (168 408) (24 24 24 24) *TREE* (TERRAIN) NIL 0)
 (TREE NIL NIL (168 360) (24 24 24 24) *TREE* (TERRAIN) NIL 0)
 (TREE NIL NIL (120 360) (24 24 24 24) *TREE* (TERRAIN) NIL 0)
 (TREE NIL NIL (72 408) (24 24 24 24) *TREE* (TERRAIN) NIL 0)
 (TREE NIL NIL (24 456) (24 24 24 24) *TREE* (TERRAIN) NIL 0)
 (TREE NIL NIL (72 456) (24 24 24 24) *TREE* (TERRAIN) NIL 0)
 (TREE NIL NIL (72 504) (24 24 24 24) *TREE* (TERRAIN) NIL 0)
 (TREE NIL NIL (120 408) (24 24 24 24) *TREE* (TERRAIN) NIL 0)
 (TREE NIL NIL (120 456) (24 24 24 24) *TREE* (TERRAIN) NIL 0)
 (TREE NIL NIL (120 504) (24 24 24 24) *TREE* (TERRAIN) NIL 0)
 (TREE NIL NIL (168 504) (24 24 24 24) *TREE* (TERRAIN) NIL 0)
 (TREE NIL NIL (264 456) (24 24 24 24) *TREE* (TERRAIN) NIL 0)
 (TREE NIL NIL (696 264) (24 24 24 24) *TREE* (TERRAIN) NIL 0)
 (TREE NIL NIL (744 264) (24 24 24 24) *TREE* (TERRAIN) NIL 0)
 (TREE NIL NIL (216 72) (24 24 24 24) *TREE* (TERRAIN) NIL 0)
 (TREE NIL NIL (264 72) (24 24 24 24) *TREE* (TERRAIN) NIL 0)
 (TREE NIL NIL (312 72) (24 24 24 24) *TREE* (TERRAIN) NIL 0)
 (TREE NIL NIL (408 72) (24 24 24 24) *TREE* (TERRAIN) NIL 0)
 (TREE NIL NIL (360 120) (24 24 24 24) *TREE* (TERRAIN) NIL 0)
 (TREE NIL NIL (312 120) (24 24 24 24) *TREE* (TERRAIN) NIL 0)
 (TREE NIL NIL (360 72) (24 24 24 24) *TREE* (TERRAIN) NIL 0)
 (TREE NIL NIL (408 120) (24 24 24 24) *TREE* (TERRAIN) NIL 0)
 (TREE NIL NIL (264 600) (24 24 24 24) *TREE* (TERRAIN) NIL 0)
 (TREE NIL NIL (312 648) (24 24 24 24) *TREE* (TERRAIN) NIL 0)
 (TREE NIL NIL (408 648) (24 24 24 24) *TREE* (TERRAIN) NIL 0)
 (TREE NIL NIL (456 600) (24 24 24 24) *TREE* (TERRAIN) NIL 0)
 (TREE NIL NIL (408 552) (24 24 24 24) *TREE* (TERRAIN) NIL 0)
 (TREE NIL NIL (360 504) (24 24 24 24) *TREE* (TERRAIN) NIL 0)
 (TREE NIL NIL (312 552) (24 24 24 24) *TREE* (TERRAIN) NIL 0)
 (TREE NIL NIL (360 600) (24 24 24 24) *TREE* (TERRAIN) NIL 0)
 (TREE NIL NIL (264 648) (24 24 24 24) *TREE* (TERRAIN) NIL 0)
 (BOX NIL NIL (360 456) (22 22 22 22) *BOX* (CONTAINER)
  (OPENINVENTORY (CLOSEST (SEARCHINTERACTIVE))) 0)
 (BOX NIL NIL (408 504) (22 22 22 22) *BOX* (CONTAINER)
  (OPENINVENTORY (CLOSEST (SEARCHINTERACTIVE))) 0)
 (BOX NIL NIL (408 600) (22 22 22 22) *BOX* (CONTAINER)
  (OPENINVENTORY (CLOSEST (SEARCHINTERACTIVE))) 0)
 (BOX NIL NIL (456 552) (22 22 22 22) *BOX* (CONTAINER)
  (OPENINVENTORY (CLOSEST (SEARCHINTERACTIVE))) 0)
 (BOX NIL NIL (360 648) (22 22 22 22) *BOX* (CONTAINER)
  (OPENINVENTORY (CLOSEST (SEARCHINTERACTIVE))) 0)
 (BOX NIL NIL (312 600) (22 22 22 22) *BOX* (CONTAINER)
  (OPENINVENTORY (CLOSEST (SEARCHINTERACTIVE))) 0)
 (BOX NIL NIL (264 552) (22 22 22 22) *BOX* (CONTAINER)
  (OPENINVENTORY (CLOSEST (SEARCHINTERACTIVE))) 0)
 (BOX NIL NIL (312 504) (22 22 22 22) *BOX* (CONTAINER)
  (OPENINVENTORY (CLOSEST (SEARCHINTERACTIVE))) 0)
 (TREE NIL NIL (456 648) (24 24 24 24) *TREE* (TERRAIN) NIL 0)
 (DRAWER NIL NIL (687 460) (12 12 18 18) *DRAWER* (CONTAINER)
  (OPENINVENTORY (CLOSEST (SEARCHINTERACTIVE))) 0)) 